src/ui/components/doctor/dashboard/TonometryTab.tsx(103,32): error TS7006: Parameter 'v' implicitly has an 'any' type.
src/ui/components/doctor/dashboard/TonometryTab.tsx(113,32): error TS7006: Parameter 'v' implicitly has an 'any' type.
src/ui/components/doctor/dashboard/TonometryTab.tsx(123,32): error TS7006: Parameter 'v' implicitly has an 'any' type.
src/ui/components/doctor/dashboard/TonometryTab.tsx(134,32): error TS7006: Parameter 'v' implicitly has an 'any' type.
src/ui/components/doctor/documents/AbsenceCertificateDocument.tsx(182,19): error TS7006: Parameter 'prev' implicitly has an 'any' type.
src/ui/components/doctor/documents/AngioDocument.tsx(76,17): error TS7006: Parameter 'prev' implicitly has an 'any' type.
src/ui/components/doctor/documents/AngioDocument.tsx(108,38): error TS7006: Parameter 'prev' implicitly has an 'any' type.
src/ui/components/doctor/documents/AngioDocument.tsx(117,38): error TS7006: Parameter 'prev' implicitly has an 'any' type.
src/ui/components/doctor/documents/AvisORLDCCDocument.tsx(95,48): error TS7006: Parameter 'prev' implicitly has an 'any' type.
src/ui/components/doctor/documents/BilanCardioOVCRDocument.tsx(72,2): error TS2339: Property 'patient' does not exist on type 'BilanCardioOVCRDocumentProps'.
src/ui/components/doctor/documents/CNASECHODocument.tsx(44,2): error TS2339: Property 'patient' does not exist on type 'CNASECHODocumentProps'.
src/ui/components/doctor/documents/CNASOCTGDocument.tsx(44,2): error TS2339: Property 'patient' does not exist on type 'CNASOCTGDocumentProps'.
src/ui/components/doctor/documents/CNASPachyDocument.tsx(44,2): error TS2339: Property 'patient' does not exist on type 'CNASPachyDocumentProps'.
src/ui/components/doctor/documents/components/DocumentFormRenderer.tsx(169,21): error TS2322: Type '{ activeDocTab: string; bilanFields: InternalBilanFields; setBilanFields: Dispatch<SetStateAction<InternalBilanFields>>; customFieldInputs: { ...; }; setCustomFieldInputs: Dispatch<...>; }' is not assignable to type 'IntrinsicAttributes & BilanFormsContainerProps'.
  Property 'bilanFields' does not exist on type 'IntrinsicAttributes & BilanFormsContainerProps'.
src/ui/components/doctor/documents/components/DocumentFormRenderer.tsx(380,49): error TS2739: Type '{}' is missing the following properties from type 'AbsenceCertificateDocumentProps': absenceData, setAbsenceData, printData, setPrintData
src/ui/components/doctor/documents/ContactLensesDocument.tsx(103,22): error TS2552: Cannot find name 'rightEyeData'. Did you mean 'hasRightEyeData'?
src/ui/components/doctor/documents/ContactLensesDocument.tsx(112,21): error TS2552: Cannot find name 'leftEyeData'. Did you mean 'hasLeftEyeData'?
src/ui/components/doctor/documents/CTFGlaucomeDocument.tsx(44,2): error TS2339: Property 'patient' does not exist on type 'CTFGlaucomeDocumentProps'.
src/ui/components/doctor/documents/CTFLaserArgonDocument.tsx(98,45): error TS7006: Parameter 'prev' implicitly has an 'any' type.
src/ui/components/doctor/documents/CTFLaserYAGDocument.tsx(95,48): error TS7006: Parameter 'prev' implicitly has an 'any' type.
src/ui/components/doctor/documents/CTFMalvisionClasseDocument.tsx(44,2): error TS2339: Property 'patient' does not exist on type 'CTFMalvisionClasseDocumentProps'.
src/ui/components/doctor/documents/DiabeteNormalDocument.tsx(74,2): error TS2339: Property 'patient' does not exist on type 'DiabeteNormalDocumentProps'.
src/ui/components/doctor/documents/DocumentPreview.tsx(170,42): error TS2551: Property 'includeRightEye' does not exist on type '{ includeVisualAcuityWithCorrection: boolean; includeGlassType: boolean; includeFarVision: boolean; includeNearVision: boolean; includeRightEyeFar?: boolean | undefined; includeLeftEyeFar?: boolean | undefined; includeRightEyeNear?: boolean | undefined; includeLeftEyeNear?: boolean | undefined; } | { ...; }'. Did you mean 'includeRightEyeFar'?
  Property 'includeRightEye' does not exist on type '{ includeVisualAcuityWithCorrection: boolean; includeGlassType: boolean; includeFarVision: boolean; includeNearVision: boolean; includeRightEyeFar?: boolean | undefined; includeLeftEyeFar?: boolean | undefined; includeRightEyeNear?: boolean | undefined; includeLeftEyeNear?: boolean | undefined; }'.
src/ui/components/doctor/documents/DocumentPreview.tsx(171,45): error TS2551: Property 'includeLeftEye' does not exist on type '{ includeVisualAcuityWithCorrection: boolean; includeGlassType: boolean; includeFarVision: boolean; includeNearVision: boolean; includeRightEyeFar?: boolean | undefined; includeLeftEyeFar?: boolean | undefined; includeRightEyeNear?: boolean | undefined; includeLeftEyeNear?: boolean | undefined; } | { ...; }'. Did you mean 'includeLeftEyeFar'?
  Property 'includeLeftEye' does not exist on type '{ includeVisualAcuityWithCorrection: boolean; includeGlassType: boolean; includeFarVision: boolean; includeNearVision: boolean; includeRightEyeFar?: boolean | undefined; includeLeftEyeFar?: boolean | undefined; includeRightEyeNear?: boolean | undefined; includeLeftEyeNear?: boolean | undefined; }'.
src/ui/components/doctor/documents/DocumentPreview.tsx(189,84): error TS2551: Property 'includeRightEye' does not exist on type '{ includeVisualAcuityWithCorrection: boolean; includeGlassType: boolean; includeFarVision: boolean; includeNearVision: boolean; includeRightEyeFar?: boolean | undefined; includeLeftEyeFar?: boolean | undefined; includeRightEyeNear?: boolean | undefined; includeLeftEyeNear?: boolean | undefined; } | { ...; }'. Did you mean 'includeRightEyeFar'?
  Property 'includeRightEye' does not exist on type '{ includeVisualAcuityWithCorrection: boolean; includeGlassType: boolean; includeFarVision: boolean; includeNearVision: boolean; includeRightEyeFar?: boolean | undefined; includeLeftEyeFar?: boolean | undefined; includeRightEyeNear?: boolean | undefined; includeLeftEyeNear?: boolean | undefined; }'.
src/ui/components/doctor/documents/DocumentPreview.tsx(197,83): error TS2551: Property 'includeLeftEye' does not exist on type '{ includeVisualAcuityWithCorrection: boolean; includeGlassType: boolean; includeFarVision: boolean; includeNearVision: boolean; includeRightEyeFar?: boolean | undefined; includeLeftEyeFar?: boolean | undefined; includeRightEyeNear?: boolean | undefined; includeLeftEyeNear?: boolean | undefined; } | { ...; }'. Did you mean 'includeLeftEyeFar'?
  Property 'includeLeftEye' does not exist on type '{ includeVisualAcuityWithCorrection: boolean; includeGlassType: boolean; includeFarVision: boolean; includeNearVision: boolean; includeRightEyeFar?: boolean | undefined; includeLeftEyeFar?: boolean | undefined; includeRightEyeNear?: boolean | undefined; includeLeftEyeNear?: boolean | undefined; }'.
src/ui/components/doctor/documents/DocumentPreview.tsx(259,71): error TS2551: Property 'includeRightEye' does not exist on type '{ includeVisualAcuityWithCorrection: boolean; includeGlassType: boolean; includeFarVision: boolean; includeNearVision: boolean; includeRightEyeFar?: boolean | undefined; includeLeftEyeFar?: boolean | undefined; includeRightEyeNear?: boolean | undefined; includeLeftEyeNear?: boolean | undefined; } | { ...; }'. Did you mean 'includeRightEyeFar'?
  Property 'includeRightEye' does not exist on type '{ includeVisualAcuityWithCorrection: boolean; includeGlassType: boolean; includeFarVision: boolean; includeNearVision: boolean; includeRightEyeFar?: boolean | undefined; includeLeftEyeFar?: boolean | undefined; includeRightEyeNear?: boolean | undefined; includeLeftEyeNear?: boolean | undefined; }'.
src/ui/components/doctor/documents/DocumentPreview.tsx(260,73): error TS2551: Property 'includeLeftEye' does not exist on type '{ includeVisualAcuityWithCorrection: boolean; includeGlassType: boolean; includeFarVision: boolean; includeNearVision: boolean; includeRightEyeFar?: boolean | undefined; includeLeftEyeFar?: boolean | undefined; includeRightEyeNear?: boolean | undefined; includeLeftEyeNear?: boolean | undefined; } | { ...; }'. Did you mean 'includeLeftEyeFar'?
  Property 'includeLeftEye' does not exist on type '{ includeVisualAcuityWithCorrection: boolean; includeGlassType: boolean; includeFarVision: boolean; includeNearVision: boolean; includeRightEyeFar?: boolean | undefined; includeLeftEyeFar?: boolean | undefined; includeRightEyeNear?: boolean | undefined; includeLeftEyeNear?: boolean | undefined; }'.
src/ui/components/doctor/documents/DocumentPreview.tsx(263,81): error TS2551: Property 'includeRightEye' does not exist on type '{ includeVisualAcuityWithCorrection: boolean; includeGlassType: boolean; includeFarVision: boolean; includeNearVision: boolean; includeRightEyeFar?: boolean | undefined; includeLeftEyeFar?: boolean | undefined; includeRightEyeNear?: boolean | undefined; includeLeftEyeNear?: boolean | undefined; } | { ...; }'. Did you mean 'includeRightEyeFar'?
  Property 'includeRightEye' does not exist on type '{ includeVisualAcuityWithCorrection: boolean; includeGlassType: boolean; includeFarVision: boolean; includeNearVision: boolean; includeRightEyeFar?: boolean | undefined; includeLeftEyeFar?: boolean | undefined; includeRightEyeNear?: boolean | undefined; includeLeftEyeNear?: boolean | undefined; }'.
src/ui/components/doctor/documents/DocumentPreview.tsx(266,81): error TS2551: Property 'includeLeftEye' does not exist on type '{ includeVisualAcuityWithCorrection: boolean; includeGlassType: boolean; includeFarVision: boolean; includeNearVision: boolean; includeRightEyeFar?: boolean | undefined; includeLeftEyeFar?: boolean | undefined; includeRightEyeNear?: boolean | undefined; includeLeftEyeNear?: boolean | undefined; } | { ...; }'. Did you mean 'includeLeftEyeFar'?
  Property 'includeLeftEye' does not exist on type '{ includeVisualAcuityWithCorrection: boolean; includeGlassType: boolean; includeFarVision: boolean; includeNearVision: boolean; includeRightEyeFar?: boolean | undefined; includeLeftEyeFar?: boolean | undefined; includeRightEyeNear?: boolean | undefined; includeLeftEyeNear?: boolean | undefined; }'.
src/ui/components/doctor/documents/DocumentPreview.tsx(272,71): error TS2551: Property 'includeRightEye' does not exist on type '{ includeVisualAcuityWithCorrection: boolean; includeGlassType: boolean; includeFarVision: boolean; includeNearVision: boolean; includeRightEyeFar?: boolean | undefined; includeLeftEyeFar?: boolean | undefined; includeRightEyeNear?: boolean | undefined; includeLeftEyeNear?: boolean | undefined; } | { ...; }'. Did you mean 'includeRightEyeFar'?
  Property 'includeRightEye' does not exist on type '{ includeVisualAcuityWithCorrection: boolean; includeGlassType: boolean; includeFarVision: boolean; includeNearVision: boolean; includeRightEyeFar?: boolean | undefined; includeLeftEyeFar?: boolean | undefined; includeRightEyeNear?: boolean | undefined; includeLeftEyeNear?: boolean | undefined; }'.
src/ui/components/doctor/documents/DocumentPreview.tsx(273,73): error TS2551: Property 'includeLeftEye' does not exist on type '{ includeVisualAcuityWithCorrection: boolean; includeGlassType: boolean; includeFarVision: boolean; includeNearVision: boolean; includeRightEyeFar?: boolean | undefined; includeLeftEyeFar?: boolean | undefined; includeRightEyeNear?: boolean | undefined; includeLeftEyeNear?: boolean | undefined; } | { ...; }'. Did you mean 'includeLeftEyeFar'?
  Property 'includeLeftEye' does not exist on type '{ includeVisualAcuityWithCorrection: boolean; includeGlassType: boolean; includeFarVision: boolean; includeNearVision: boolean; includeRightEyeFar?: boolean | undefined; includeLeftEyeFar?: boolean | undefined; includeRightEyeNear?: boolean | undefined; includeLeftEyeNear?: boolean | undefined; }'.
src/ui/components/doctor/documents/DocumentPreview.tsx(276,81): error TS2551: Property 'includeRightEye' does not exist on type '{ includeVisualAcuityWithCorrection: boolean; includeGlassType: boolean; includeFarVision: boolean; includeNearVision: boolean; includeRightEyeFar?: boolean | undefined; includeLeftEyeFar?: boolean | undefined; includeRightEyeNear?: boolean | undefined; includeLeftEyeNear?: boolean | undefined; } | { ...; }'. Did you mean 'includeRightEyeFar'?
  Property 'includeRightEye' does not exist on type '{ includeVisualAcuityWithCorrection: boolean; includeGlassType: boolean; includeFarVision: boolean; includeNearVision: boolean; includeRightEyeFar?: boolean | undefined; includeLeftEyeFar?: boolean | undefined; includeRightEyeNear?: boolean | undefined; includeLeftEyeNear?: boolean | undefined; }'.
src/ui/components/doctor/documents/DocumentPreview.tsx(279,81): error TS2551: Property 'includeLeftEye' does not exist on type '{ includeVisualAcuityWithCorrection: boolean; includeGlassType: boolean; includeFarVision: boolean; includeNearVision: boolean; includeRightEyeFar?: boolean | undefined; includeLeftEyeFar?: boolean | undefined; includeRightEyeNear?: boolean | undefined; includeLeftEyeNear?: boolean | undefined; } | { ...; }'. Did you mean 'includeLeftEyeFar'?
  Property 'includeLeftEye' does not exist on type '{ includeVisualAcuityWithCorrection: boolean; includeGlassType: boolean; includeFarVision: boolean; includeNearVision: boolean; includeRightEyeFar?: boolean | undefined; includeLeftEyeFar?: boolean | undefined; includeRightEyeNear?: boolean | undefined; includeLeftEyeNear?: boolean | undefined; }'.
src/ui/components/doctor/documents/DocumentPreview.tsx(315,53): error TS2551: Property 'includeVisualAcuityWithoutCorrection' does not exist on type '{ includeVisualAcuityWithCorrection: boolean; includeGlassType: boolean; includeFarVision: boolean; includeNearVision: boolean; includeRightEyeFar?: boolean | undefined; includeLeftEyeFar?: boolean | undefined; includeRightEyeNear?: boolean | undefined; includeLeftEyeNear?: boolean | undefined; } | { ...; }'. Did you mean 'includeVisualAcuityWithCorrection'?
  Property 'includeVisualAcuityWithoutCorrection' does not exist on type '{ includeVisualAcuityWithCorrection: boolean; includeGlassType: boolean; includeFarVision: boolean; includeNearVision: boolean; includeRightEyeFar?: boolean | undefined; includeLeftEyeFar?: boolean | undefined; includeRightEyeNear?: boolean | undefined; includeLeftEyeNear?: boolean | undefined; }'.
src/ui/components/doctor/documents/DocumentPreview.tsx(725,57): error TS2551: Property 'includeVisualAcuityWithoutCorrection' does not exist on type '{ includeVisualAcuityWithCorrection: boolean; includeGlassType: boolean; includeFarVision: boolean; includeNearVision: boolean; includeRightEyeFar?: boolean | undefined; includeLeftEyeFar?: boolean | undefined; includeRightEyeNear?: boolean | undefined; includeLeftEyeNear?: boolean | undefined; } | { ...; }'. Did you mean 'includeVisualAcuityWithCorrection'?
  Property 'includeVisualAcuityWithoutCorrection' does not exist on type '{ includeVisualAcuityWithCorrection: boolean; includeGlassType: boolean; includeFarVision: boolean; includeNearVision: boolean; includeRightEyeFar?: boolean | undefined; includeLeftEyeFar?: boolean | undefined; includeRightEyeNear?: boolean | undefined; includeLeftEyeNear?: boolean | undefined; }'.
src/ui/components/doctor/documents/DocumentPreview.tsx(785,57): error TS2339: Property 'includeTonometry' does not exist on type '{ includeVisualAcuityWithCorrection: boolean; includeGlassType: boolean; includeFarVision: boolean; includeNearVision: boolean; includeRightEyeFar?: boolean | undefined; includeLeftEyeFar?: boolean | undefined; includeRightEyeNear?: boolean | undefined; includeLeftEyeNear?: boolean | undefined; } | { ...; }'.
  Property 'includeTonometry' does not exist on type '{ includeVisualAcuityWithCorrection: boolean; includeGlassType: boolean; includeFarVision: boolean; includeNearVision: boolean; includeRightEyeFar?: boolean | undefined; includeLeftEyeFar?: boolean | undefined; includeRightEyeNear?: boolean | undefined; includeLeftEyeNear?: boolean | undefined; }'.
src/ui/components/doctor/documents/DocumentsContainer.tsx(225,17): error TS2322: Type 'WorkStopPrintData' is not assignable to type '{ startDate: Date; endDate: Date; exitAuthorized: boolean; }'.
  Types of property 'startDate' are incompatible.
    Type 'Date | undefined' is not assignable to type 'Date'.
      Type 'undefined' is not assignable to type 'Date'.
src/ui/components/doctor/documents/DocumentsContainer.tsx(226,17): error TS2322: Type 'Dispatch<SetStateAction<WorkStopPrintData>>' is not assignable to type 'Dispatch<SetStateAction<{ startDate: Date; endDate: Date; exitAuthorized: boolean; }>>'.
  Type 'SetStateAction<{ startDate: Date; endDate: Date; exitAuthorized: boolean; }>' is not assignable to type 'SetStateAction<WorkStopPrintData>'.
    Type '(prevState: { startDate: Date; endDate: Date; exitAuthorized: boolean; }) => { startDate: Date; endDate: Date; exitAuthorized: boolean; }' is not assignable to type 'SetStateAction<WorkStopPrintData>'.
      Type '(prevState: { startDate: Date; endDate: Date; exitAuthorized: boolean; }) => { startDate: Date; endDate: Date; exitAuthorized: boolean; }' is not assignable to type '(prevState: WorkStopPrintData) => WorkStopPrintData'.
        Types of parameters 'prevState' and 'prevState' are incompatible.
          Type 'WorkStopPrintData' is not assignable to type '{ startDate: Date; endDate: Date; exitAuthorized: boolean; }'.
            Types of property 'startDate' are incompatible.
              Type 'Date | undefined' is not assignable to type 'Date'.
                Type 'undefined' is not assignable to type 'Date'.
src/ui/components/doctor/documents/MedicationsDocument.tsx(143,4): error TS2322: Type '{ prescriptionData: PrescriptionData; setPrescriptionData: (updater: PrescriptionData | ((prev: PrescriptionData) => PrescriptionData)) => void; }' is not assignable to type 'IntrinsicAttributes & CompactPrescriptionFormProps'.
  Property 'prescriptionData' does not exist on type 'IntrinsicAttributes & CompactPrescriptionFormProps'.
src/ui/components/doctor/documents/OrientCardioDocument.tsx(43,2): error TS2339: Property 'patient' does not exist on type 'OrientCardioDocumentProps'.
src/ui/components/doctor/documents/OrientNeuroDocument.tsx(43,2): error TS2339: Property 'patient' does not exist on type 'OrientNeuroDocumentProps'.
src/ui/components/doctor/documents/ReponseHTADocument.tsx(119,17): error TS7006: Parameter 'prev' implicitly has an 'any' type.
src/ui/components/doctor/documents/ReponseHTADocument.tsx(160,39): error TS7006: Parameter 'prev' implicitly has an 'any' type.
src/ui/components/doctor/documents/ReponseHTADocument.tsx(169,39): error TS7006: Parameter 'prev' implicitly has an 'any' type.
src/ui/components/doctor/documents/ReponseHTADocument.tsx(179,45): error TS7006: Parameter 'prev' implicitly has an 'any' type.
src/ui/components/doctor/documents/ReportDocument.tsx(590,18): error TS7006: Parameter 'prev' implicitly has an 'any' type.
src/ui/components/doctor/documents/ReportDocument.tsx(612,18): error TS7006: Parameter 'prev' implicitly has an 'any' type.
src/ui/components/doctor/documents/ReportDocument.tsx(630,18): error TS7006: Parameter 'prev' implicitly has an 'any' type.
src/ui/components/doctor/documents/ReportDocument.tsx(652,18): error TS7006: Parameter 'prev' implicitly has an 'any' type.
src/ui/components/doctor/documents/ReportDocument.tsx(670,18): error TS7006: Parameter 'prev' implicitly has an 'any' type.
src/ui/components/doctor/documents/ReportDocument.tsx(690,18): error TS7006: Parameter 'prev' implicitly has an 'any' type.
src/ui/components/doctor/documents/ReportDocument.tsx(705,19): error TS7006: Parameter 'prev' implicitly has an 'any' type.
src/ui/components/doctor/documents/ReportDocument.tsx(721,35): error TS2551: Property 'includeVisualAcuityWithoutCorrection' does not exist on type '{ includeVisualAcuityWithCorrection: boolean; includeGlassType: boolean; includeFarVision: boolean; includeNearVision: boolean; includeRightEyeFar?: boolean | undefined; includeLeftEyeFar?: boolean | undefined; includeRightEyeNear?: boolean | undefined; includeLeftEyeNear?: boolean | undefined; } | { ...; }'. Did you mean 'includeVisualAcuityWithCorrection'?
  Property 'includeVisualAcuityWithoutCorrection' does not exist on type '{ includeVisualAcuityWithCorrection: boolean; includeGlassType: boolean; includeFarVision: boolean; includeNearVision: boolean; includeRightEyeFar?: boolean | undefined; includeLeftEyeFar?: boolean | undefined; includeRightEyeNear?: boolean | undefined; includeLeftEyeNear?: boolean | undefined; }'.
src/ui/components/doctor/documents/ReportDocument.tsx(753,35): error TS2339: Property 'includeTonometry' does not exist on type '{ includeVisualAcuityWithCorrection: boolean; includeGlassType: boolean; includeFarVision: boolean; includeNearVision: boolean; includeRightEyeFar?: boolean | undefined; includeLeftEyeFar?: boolean | undefined; includeRightEyeNear?: boolean | undefined; includeLeftEyeNear?: boolean | undefined; } | { ...; }'.
  Property 'includeTonometry' does not exist on type '{ includeVisualAcuityWithCorrection: boolean; includeGlassType: boolean; includeFarVision: boolean; includeNearVision: boolean; includeRightEyeFar?: boolean | undefined; includeLeftEyeFar?: boolean | undefined; includeRightEyeNear?: boolean | undefined; includeLeftEyeNear?: boolean | undefined; }'.
src/ui/components/doctor/documents/ReportDocument.tsx(815,25): error TS2551: Property 'includeVisualAcuityWithoutCorrection' does not exist on type '{ includeVisualAcuityWithCorrection: boolean; includeGlassType: boolean; includeFarVision: boolean; includeNearVision: boolean; includeRightEyeFar?: boolean | undefined; includeLeftEyeFar?: boolean | undefined; includeRightEyeNear?: boolean | undefined; includeLeftEyeNear?: boolean | undefined; } | { ...; }'. Did you mean 'includeVisualAcuityWithCorrection'?
  Property 'includeVisualAcuityWithoutCorrection' does not exist on type '{ includeVisualAcuityWithCorrection: boolean; includeGlassType: boolean; includeFarVision: boolean; includeNearVision: boolean; includeRightEyeFar?: boolean | undefined; includeLeftEyeFar?: boolean | undefined; includeRightEyeNear?: boolean | undefined; includeLeftEyeNear?: boolean | undefined; }'.
src/ui/components/doctor/documents/ReportDocument.tsx(818,26): error TS2551: Property 'includeVisualAcuityWithoutCorrection' does not exist on type '{ includeVisualAcuityWithCorrection: boolean; includeGlassType: boolean; includeFarVision: boolean; includeNearVision: boolean; includeRightEyeFar?: boolean | undefined; includeLeftEyeFar?: boolean | undefined; includeRightEyeNear?: boolean | undefined; includeLeftEyeNear?: boolean | undefined; } | { ...; }'. Did you mean 'includeVisualAcuityWithCorrection'?
  Property 'includeVisualAcuityWithoutCorrection' does not exist on type '{ includeVisualAcuityWithCorrection: boolean; includeGlassType: boolean; includeFarVision: boolean; includeNearVision: boolean; includeRightEyeFar?: boolean | undefined; includeLeftEyeFar?: boolean | undefined; includeRightEyeNear?: boolean | undefined; includeLeftEyeNear?: boolean | undefined; }'.
src/ui/components/doctor/documents/ReportDocument.tsx(906,24): error TS2339: Property 'includeTonometry' does not exist on type '{ includeVisualAcuityWithCorrection: boolean; includeGlassType: boolean; includeFarVision: boolean; includeNearVision: boolean; includeRightEyeFar?: boolean | undefined; includeLeftEyeFar?: boolean | undefined; includeRightEyeNear?: boolean | undefined; includeLeftEyeNear?: boolean | undefined; } | { ...; }'.
  Property 'includeTonometry' does not exist on type '{ includeVisualAcuityWithCorrection: boolean; includeGlassType: boolean; includeFarVision: boolean; includeNearVision: boolean; includeRightEyeFar?: boolean | undefined; includeLeftEyeFar?: boolean | undefined; includeRightEyeNear?: boolean | undefined; includeLeftEyeNear?: boolean | undefined; }'.
src/ui/components/doctor/documents/RepriseDeTravailDocument.tsx(83,16): error TS7006: Parameter 'prev' implicitly has an 'any' type.
src/ui/components/doctor/documents/RepriseDeTravailDocument.tsx(96,16): error TS7006: Parameter 'prev' implicitly has an 'any' type.
src/ui/components/doctor/documents/VisualAcuityCertificateDocument.tsx(233,35): error TS2551: Property 'includeVisualAcuityWithoutCorrection' does not exist on type '{ includeVisualAcuityWithCorrection: boolean; includeGlassType: boolean; includeFarVision: boolean; includeNearVision: boolean; includeRightEyeFar?: boolean | undefined; includeLeftEyeFar?: boolean | undefined; includeRightEyeNear?: boolean | undefined; includeLeftEyeNear?: boolean | undefined; } | { ...; }'. Did you mean 'includeVisualAcuityWithCorrection'?
  Property 'includeVisualAcuityWithoutCorrection' does not exist on type '{ includeVisualAcuityWithCorrection: boolean; includeGlassType: boolean; includeFarVision: boolean; includeNearVision: boolean; includeRightEyeFar?: boolean | undefined; includeLeftEyeFar?: boolean | undefined; includeRightEyeNear?: boolean | undefined; includeLeftEyeNear?: boolean | undefined; }'.
src/ui/components/doctor/documents/VisualAcuityCertificateDocument.tsx(278,26): error TS2551: Property 'includeVisualAcuityWithoutCorrection' does not exist on type '{ includeVisualAcuityWithCorrection: boolean; includeGlassType: boolean; includeFarVision: boolean; includeNearVision: boolean; includeRightEyeFar?: boolean | undefined; includeLeftEyeFar?: boolean | undefined; includeRightEyeNear?: boolean | undefined; includeLeftEyeNear?: boolean | undefined; } | { ...; }'. Did you mean 'includeVisualAcuityWithCorrection'?
  Property 'includeVisualAcuityWithoutCorrection' does not exist on type '{ includeVisualAcuityWithCorrection: boolean; includeGlassType: boolean; includeFarVision: boolean; includeNearVision: boolean; includeRightEyeFar?: boolean | undefined; includeLeftEyeFar?: boolean | undefined; includeRightEyeNear?: boolean | undefined; includeLeftEyeNear?: boolean | undefined; }'.
src/ui/components/doctor/documents/VisualAcuityCertificateDocument.tsx(314,26): error TS2551: Property 'includeVisualAcuityWithoutCorrection' does not exist on type '{ includeVisualAcuityWithCorrection: boolean; includeGlassType: boolean; includeFarVision: boolean; includeNearVision: boolean; includeRightEyeFar?: boolean | undefined; includeLeftEyeFar?: boolean | undefined; includeRightEyeNear?: boolean | undefined; includeLeftEyeNear?: boolean | undefined; } | { ...; }'. Did you mean 'includeVisualAcuityWithCorrection'?
  Property 'includeVisualAcuityWithoutCorrection' does not exist on type '{ includeVisualAcuityWithCorrection: boolean; includeGlassType: boolean; includeFarVision: boolean; includeNearVision: boolean; includeRightEyeFar?: boolean | undefined; includeLeftEyeFar?: boolean | undefined; includeRightEyeNear?: boolean | undefined; includeLeftEyeNear?: boolean | undefined; }'.
src/ui/components/doctor/documents/WorkStopDocument.tsx(274,30): error TS2345: Argument of type 'Date | undefined' is not assignable to parameter of type 'Date'.
  Type 'undefined' is not assignable to type 'Date'.
src/ui/components/doctor/documents/WorkStopDocument.tsx(284,20): error TS7006: Parameter 'prev' implicitly has an 'any' type.
src/ui/components/doctor/documents/WorkStopDocument.tsx(297,21): error TS7006: Parameter 'prev' implicitly has an 'any' type.
src/ui/components/doctor/documents/WorkStopDocument.tsx(307,17): error TS18048: 'printData.startDate' is possibly 'undefined'.
src/ui/components/doctor/documents/WorkStopDocument.tsx(313,20): error TS7006: Parameter 'prev' implicitly has an 'any' type.
src/ui/components/doctor/documents/WorkStopDocument.tsx(318,30): error TS2345: Argument of type 'Date | undefined' is not assignable to parameter of type 'Date'.
  Type 'undefined' is not assignable to type 'Date'.
src/ui/components/doctor/documents/WorkStopDocument.tsx(328,40): error TS2345: Argument of type 'Date | undefined' is not assignable to parameter of type 'Date'.
  Type 'undefined' is not assignable to type 'Date'.
src/ui/components/doctor/documents/WorkStopDocument.tsx(333,21): error TS7006: Parameter 'prev' implicitly has an 'any' type.
src/ui/components/doctor/documents/WorkStopDocument.tsx(415,36): error TS18048: 'printData.startDate' is possibly 'undefined'.
src/ui/components/doctor/documents/WorkStopDocument.tsx(434,24): error TS7006: Parameter 'prev' implicitly has an 'any' type.
src/ui2/App.old.tsx(33,38): error TS2307: Cannot find module './components/AppointmentPresentDialog.tsx' or its corresponding type declarations.
src/ui2/App.old.tsx(35,29): error TS2307: Cannot find module './components/CertificatsPage.tsx' or its corresponding type declarations.
src/ui2/App.old.tsx(36,31): error TS2307: Cannot find module './components/DilationCountdown.tsx' or its corresponding type declarations.
src/ui2/App.old.tsx(37,34): error TS2307: Cannot find module './components/DossiersMedicauxPage.tsx' or its corresponding type declarations.
src/ui2/App.old.tsx(38,31): error TS2307: Cannot find module './components/EnhancedMessaging.tsx' or its corresponding type declarations.
src/ui2/App.old.tsx(39,27): error TS2307: Cannot find module './components/PatientDialog.tsx' or its corresponding type declarations.
src/ui2/App.old.tsx(40,36): error TS2307: Cannot find module './components/PatientSelectionDialog.tsx' or its corresponding type declarations.
src/ui2/App.old.tsx(41,27): error TS2307: Cannot find module './components/PaymentDialog.tsx' or its corresponding type declarations.
src/ui2/App.old.tsx(42,24): error TS2307: Cannot find module './components/ResumePage.tsx' or its corresponding type declarations.
src/ui2/App.old.tsx(43,41): error TS2307: Cannot find module './components/SecretaryTopBarNotification.tsx' or its corresponding type declarations.
src/ui2/App.old.tsx(44,23): error TS2307: Cannot find module './components/TarifPage.tsx' or its corresponding type declarations.
src/ui2/App.old.tsx(45,25): error TS2307: Cannot find module './components/WalkInQueue.tsx' or its corresponding type declarations.
src/ui2/App.old.tsx(61,26): error TS2307: Cannot find module '../utils/supabase.ts' or its corresponding type declarations.
src/ui2/App.old.tsx(197,21): error TS2345: Argument of type 'Promise<{ totalAppointments: number; totalWalkIns: number; totalPatients: number; patientsInConsultation: number; pendingPayments: number; patientsNeedingDilation: number; }>' is not assignable to parameter of type 'SetStateAction<{ totalAppointments: number; totalWalkIns: number; patientsInConsultation: number; }>'.
src/ui2/App.old.tsx(1345,39): error TS7006: Parameter 'patientId' implicitly has an 'any' type.
src/ui2/App.refactored.tsx(14,29): error TS2307: Cannot find module './components/CertificatsPage.tsx' or its corresponding type declarations.
src/ui2/App.refactored.tsx(15,34): error TS2307: Cannot find module './components/DossiersMedicauxPage.tsx' or its corresponding type declarations.
src/ui2/App.refactored.tsx(16,24): error TS2307: Cannot find module './components/ResumePage.tsx' or its corresponding type declarations.
src/ui2/App.refactored.tsx(17,41): error TS2307: Cannot find module './components/SecretaryTopBarNotification.tsx' or its corresponding type declarations.
src/ui2/App.refactored.tsx(18,23): error TS2307: Cannot find module './components/TarifPage.tsx' or its corresponding type declarations.
src/ui2/App.refactored.tsx(130,21): error TS2345: Argument of type 'Promise<{ totalAppointments: number; totalWalkIns: number; totalPatients: number; patientsInConsultation: number; pendingPayments: number; patientsNeedingDilation: number; }>' is not assignable to parameter of type 'SetStateAction<{ totalAppointments: number; totalWalkIns: number; patientsInConsultation: number; }>'.
src/ui2/components/appointments/calendar/CalendarDeleteDialog.tsx(15,34): error TS2307: Cannot find module '../../types.js' or its corresponding type declarations.
src/ui2/components/appointments/calendar/CalendarMenu.tsx(8,34): error TS2307: Cannot find module '../../types.js' or its corresponding type declarations.
src/ui2/components/consultations/ConsultationPopup.tsx(51,4): error TS2739: Type '{ id: string; name: string; surname: string; dob: string; address: { city: string; street: string; }; phone: string; email: string; consultationHistory: any[]; }' is missing the following properties from type 'Patient': created_at, updated_at
src/ui2/components/consultations/ConsultationViewer.tsx(49,28): error TS2339: Property 'left_eye' does not exist on type 'Appointment'.
src/ui2/components/consultations/ConsultationViewer.tsx(75,29): error TS2339: Property 'right_eye' does not exist on type 'Appointment'.
src/ui2/components/consultations/ConsultationViewer.tsx(102,38): error TS2339: Property 'diagnosis' does not exist on type 'Appointment'.
src/ui2/components/consultations/ConsultationViewer.tsx(106,33): error TS2339: Property 'prescription' does not exist on type 'Appointment'.
src/ui2/components/consultations/ConsultationViewer.tsx(110,27): error TS2339: Property 'images' does not exist on type 'Appointment'.
src/ui2/components/consultations/ConsultationViewer.tsx(111,33): error TS2339: Property 'clinical_exam' does not exist on type 'Appointment'.
src/ui2/components/consultations/ConsultationViewer.tsx(112,41): error TS2339: Property 'detailed_clinical_exam' does not exist on type 'Appointment'.
src/ui2/components/consultations/ConsultationViewer.tsx(116,7): error TS2322: Type 'Record<string, unknown> | undefined' is not assignable to type '{ amount: number; status: string; type: string; } | undefined'.
  Type 'Record<string, unknown>' is missing the following properties from type '{ amount: number; status: string; type: string; }': amount, status, type
src/ui2/components/consultations/ConsultationViewer.tsx(129,8): error TS2740: Type 'Record<string, unknown>' is missing the following properties from type 'EyeData': visualAcuity, visualAcuityVL_SC, visualAcuityVL_AC, visualAcuityVP_SC, and 22 more.
src/ui2/components/consultations/ConsultationViewer.tsx(155,8): error TS2740: Type 'Record<string, unknown>' is missing the following properties from type 'EyeData': visualAcuity, visualAcuityVL_SC, visualAcuityVL_AC, visualAcuityVP_SC, and 22 more.
src/ui2/components/consultations/ConsultationViewer.tsx(186,8): error TS2322: Type 'string | { treatments: never[]; notes: string; }' is not assignable to type 'PrescriptionData'.
  Type 'string' is not assignable to type 'PrescriptionData'.
src/ui2/components/consultations/ConsultationViewer.tsx(190,8): error TS2322: Type 'Image[]' is not assignable to type 'ImageData[]'.
  Type 'Image' is not assignable to type 'ImageData'.
    Types of property 'title' are incompatible.
      Type 'string | undefined' is not assignable to type 'string'.
        Type 'undefined' is not assignable to type 'string'.
src/ui2/components/consultations/ConsultationViewer.tsx(193,28): error TS2339: Property 'detailed_clinical_exam' does not exist on type 'Consultation'.
src/ui2/components/consultations/ConsultationViewer.tsx(198,40): error TS2339: Property 'payment_info' does not exist on type 'Consultation'.
src/ui2/components/DoctorDashboard/ClinicalExam.tsx(88,28): error TS2345: Argument of type '(prev: DetailedClinicalExamData | null) => { consultationReason: string; generalMedicalHistory: string; ophthalmologicalHistory: string; inspection: string; inspectionOD: string; ... 21 more ...; documentsData?: { reportData?: { conclusion: string; antecedents: string; inspection: string; segmentAnterieur: string; f...' is not assignable to parameter of type 'DetailedClinicalExamData'.
src/ui2/components/DoctorDashboard/ClinicalExam.tsx(101,28): error TS2345: Argument of type '(prev: DetailedClinicalExamData | null) => { anteriorSegment: { slit_lamp_exam: string; }; anteriorSegmentOD: string; anteriorSegmentOG: string; consultationReason: string; generalMedicalHistory: string; ... 21 more ...; documentsData?: { reportData?: { conclusion: string; antecedents: string; inspection: string; se...' is not assignable to parameter of type 'DetailedClinicalExamData'.
src/ui2/components/DoctorDashboard/ClinicalExam.tsx(117,28): error TS2345: Argument of type '(prev: DetailedClinicalExamData | null) => { fundus: { fundus_exam: string; }; fundusOD: string; fundusOG: string; consultationReason: string; generalMedicalHistory: string; ophthalmologicalHistory: string; ... 20 more ...; documentsData?: { reportData?: { conclusion: string; antecedents: string; inspection: string;...' is not assignable to parameter of type 'DetailedClinicalExamData'.
src/ui2/components/DoctorDashboard/components/BilanForm.tsx(83,9): error TS2322: Type 'string[]' is not assignable to type 'boolean | undefined'.
src/ui2/components/DoctorDashboard/DetailedClinicalExam.tsx(43,5): error TS2353: Object literal may only specify known properties, and 'tonometry' does not exist in type 'DetailedClinicalExamData'.
src/ui2/components/DoctorDashboard/DetailedClinicalExam.tsx(101,29): error TS2345: Argument of type '(prev: any) => any' is not assignable to parameter of type 'DetailedClinicalExamData'.
src/ui2/components/DoctorDashboard/DetailedClinicalExam.tsx(101,30): error TS7006: Parameter 'prev' implicitly has an 'any' type.
src/ui2/components/DoctorDashboard/DetailedClinicalExam.tsx(111,29): error TS2345: Argument of type '(prev: any) => any' is not assignable to parameter of type 'DetailedClinicalExamData'.
src/ui2/components/DoctorDashboard/DetailedClinicalExam.tsx(111,30): error TS7006: Parameter 'prev' implicitly has an 'any' type.
src/ui2/components/DoctorDashboard/DetailedClinicalExam.tsx(124,29): error TS2345: Argument of type '(prev: any) => any' is not assignable to parameter of type 'DetailedClinicalExamData'.
src/ui2/components/DoctorDashboard/DetailedClinicalExam.tsx(124,30): error TS7006: Parameter 'prev' implicitly has an 'any' type.
src/ui2/components/DoctorDashboard/DoctorDashboard.tsx(28,44): error TS2307: Cannot find module '../../../utils/supabase.js' or its corresponding type declarations.
src/ui2/components/DoctorDashboard/DoctorDashboard.tsx(2688,50): error TS7006: Parameter 'c' implicitly has an 'any' type.
src/ui2/components/DoctorDashboard/DoctorDashboard.tsx(2909,50): error TS7006: Parameter 'c' implicitly has an 'any' type.
src/ui2/components/DoctorDashboard/DocumentPreview.tsx(892,13): error TS2367: This comparison appears to be unintentional because the types 'false | undefined' and 'true' have no overlap.
src/ui2/components/DoctorDashboard/PaginatedMedicineAutocomplete.tsx(126,5): error TS2322: Type '(event: React.UIEvent<HTMLDivElement>) => void' is not assignable to type 'UIEventHandler<HTMLUListElement>'.
  Types of parameters 'event' and 'event' are incompatible.
    Type 'UIEvent<HTMLUListElement, UIEvent>' is not assignable to type 'UIEvent<HTMLDivElement, UIEvent>'.
      Property 'align' is missing in type 'HTMLUListElement' but required in type 'HTMLDivElement'.
src/ui2/components/DoctorDashboard/PaginatedMedicineAutocomplete.tsx(275,20): error TS7006: Parameter 'props' implicitly has an 'any' type.
src/ui2/components/DoctorDashboard/PaymentHistoryTab.tsx(304,17): error TS18048: 'payment.remaining_amount' is possibly 'undefined'.
src/ui2/components/DoctorDashboard/PaymentHistoryTab.tsx(585,32): error TS2345: Argument of type 'number | undefined' is not assignable to parameter of type 'number'.
  Type 'undefined' is not assignable to type 'number'.
src/ui2/components/DoctorDashboard/PaymentModal.tsx(23,26): error TS2307: Cannot find module '../../../utils/supabase.js' or its corresponding type declarations.
src/ui2/components/DoctorDashboard/SupabaseMedicineAutocomplete.tsx(150,5): error TS2353: Object literal may only specify known properties, and 'manufacturer' does not exist in type 'MedicineOption'.
src/ui2/components/DoctorDashboard/SupabaseMedicineAutocomplete.tsx(239,20): error TS2339: Property 'id' does not exist on type '{ label: string; value: string; category?: string | undefined; form?: string | undefined; strength?: string | undefined; defaultDosage?: string | undefined; prescriptionRequired?: boolean | undefined; packaging?: string | undefined; }'.
src/ui2/components/DoctorDashboard/TemplateBasedDocument.tsx(111,21): error TS2304: Cannot find name 'parseLocalDate'.
src/ui2/components/DoctorDashboard/TemplateBasedDocument.tsx(368,61): error TS2345: Argument of type '{ rightEye: { sph: string; cyl: string; axis: string; add: string; glassType: string; }; leftEye: { sph: string; cyl: string; axis: string; add: string; glassType: string; }; }' is not assignable to parameter of type 'ContactLensesPrintData'.
  Types of property 'rightEye' are incompatible.
    Type '{ sph: string; cyl: string; axis: string; add: string; glassType: string; }' is missing the following properties from type '{ sph: string; cyl: string; axis: string; diam: string; axis_k: string; contactLensType: string; lensBrand: string; }': diam, axis_k, contactLensType, lensBrand
src/ui2/components/DoctorDashboard/TemplateBasedDocument.tsx(375,55): error TS2345: Argument of type '{ rightEye: { sph: string; cyl: string; axis: string; add: string; glassType: string; }; leftEye: { sph: string; cyl: string; axis: string; add: string; glassType: string; }; }' is not assignable to parameter of type '{ rightEye: { sph: string; cyl: string; axis: string; add: string; glassType: string; nearSph: string; nearCyl: string; nearAxis: string; emptyEyeOption?: "plan" | "conserver" | undefined; emptyNearEyeOption?: "plan" | ... 1 more ... | undefined; }; leftEye: { ...; }; }'.
  Types of property 'rightEye' are incompatible.
    Type '{ sph: string; cyl: string; axis: string; add: string; glassType: string; }' is missing the following properties from type '{ sph: string; cyl: string; axis: string; add: string; glassType: string; nearSph: string; nearCyl: string; nearAxis: string; emptyEyeOption?: "plan" | "conserver" | undefined; emptyNearEyeOption?: "plan" | ... 1 more ... | undefined; }': nearSph, nearCyl, nearAxis
src/ui2/components/DoctorDashboard/TemplateBasedDocument.tsx(384,35): error TS2304: Cannot find name 'printDataOverrides'.
src/ui2/components/DoctorDashboard/TemplateBasedDocument.tsx(385,28): error TS2304: Cannot find name 'printDataOverrides'.
src/ui2/components/DoctorDashboard/TemplateBasedDocument.tsx(386,28): error TS2304: Cannot find name 'printDataOverrides'.
src/ui2/components/DoctorDashboard/TemplateBasedDocument.tsx(387,28): error TS2304: Cannot find name 'printDataOverrides'.
src/ui2/components/DoctorDashboard/TemplateBasedDocument.tsx(388,28): error TS2304: Cannot find name 'printDataOverrides'.
src/ui2/components/DoctorDashboard/TemplateBasedDocument.tsx(394,56): error TS2345: Argument of type '{ startDate: Date; endDate: Date; reason: string; exitAuthorized?: boolean | undefined; } | undefined' is not assignable to parameter of type 'WorkStopPrintData | undefined'.
  Type '{ startDate: Date; endDate: Date; reason: string; exitAuthorized?: boolean | undefined; }' is not assignable to type 'WorkStopPrintData'.
    Types of property 'exitAuthorized' are incompatible.
      Type 'boolean | undefined' is not assignable to type 'boolean'.
        Type 'undefined' is not assignable to type 'boolean'.
src/ui2/components/DoctorDashboard/TemplateBasedDocument.tsx(398,66): error TS2304: Cannot find name 'absenceData'.
src/ui2/components/DoctorDashboard/TemplateBasedDocument.tsx(402,54): error TS2559: Type '{ rightEye: { sph: string; cyl: string; axis: string; add: string; glassType: string; }; leftEye: { sph: string; cyl: string; axis: string; add: string; glassType: string; }; }' has no properties in common with type 'EyeData'.
src/ui2/components/DoctorDashboard/TemplateBasedDocument.tsx(409,80): error TS2345: Argument of type 'BilanFields | undefined' is not assignable to parameter of type 'InternalBilanFields | undefined'.
  Type 'BilanFields' is missing the following properties from type 'InternalBilanFields': bilanPreOp, bilanDiabete, bilanInflammatoire, bilanUveite
src/ui2/components/documents/BilanDocuments.tsx(293,6): error TS2352: Conversion of type 'string[]' to type 'boolean' may be a mistake because neither type sufficiently overlaps with the other. If this was intentional, convert the expression to 'unknown' first.
src/ui2/components/documents/BilanDocuments.tsx(309,18): error TS2352: Conversion of type 'string[]' to type 'boolean' may be a mistake because neither type sufficiently overlaps with the other. If this was intentional, convert the expression to 'unknown' first.
src/ui2/components/documents/PrintingLogic.ts(241,6): error TS2345: Argument of type '{ rightEye: { sph: string; cyl: string; axis: string; add: string; visualAcuityVL_AC: string; glassType: string; }; leftEye: { sph: string; cyl: string; axis: string; add: string; visualAcuityVL_AC: string; glassType: string; }; } | undefined' is not assignable to parameter of type '{ rightEye: { sph: string; cyl: string; axis: string; add: string; glassType: string; nearSph: string; nearCyl: string; nearAxis: string; emptyEyeOption?: "plan" | "conserver" | undefined; emptyNearEyeOption?: "plan" | ... 1 more ... | undefined; }; leftEye: { ...; }; } | undefined'.
  Type '{ rightEye: { sph: string; cyl: string; axis: string; add: string; visualAcuityVL_AC: string; glassType: string; }; leftEye: { sph: string; cyl: string; axis: string; add: string; visualAcuityVL_AC: string; glassType: string; }; }' is not assignable to type '{ rightEye: { sph: string; cyl: string; axis: string; add: string; glassType: string; nearSph: string; nearCyl: string; nearAxis: string; emptyEyeOption?: "plan" | "conserver" | undefined; emptyNearEyeOption?: "plan" | ... 1 more ... | undefined; }; leftEye: { ...; }; }'.
    Types of property 'rightEye' are incompatible.
      Type '{ sph: string; cyl: string; axis: string; add: string; visualAcuityVL_AC: string; glassType: string; }' is missing the following properties from type '{ sph: string; cyl: string; axis: string; add: string; glassType: string; nearSph: string; nearCyl: string; nearAxis: string; emptyEyeOption?: "plan" | "conserver" | undefined; emptyNearEyeOption?: "plan" | ... 1 more ... | undefined; }': nearSph, nearCyl, nearAxis
src/ui2/components/documents/PrintingLogic.ts(246,53): error TS2551: Property 'includeRightEyeFar' does not exist on type 'PrintControlFlags'. Did you mean 'includeRightEye'?
src/ui2/components/documents/PrintingLogic.ts(247,52): error TS2551: Property 'includeLeftEyeFar' does not exist on type 'PrintControlFlags'. Did you mean 'includeLeftEye'?
src/ui2/components/documents/PrintingLogic.ts(248,54): error TS2551: Property 'includeRightEyeNear' does not exist on type 'PrintControlFlags'. Did you mean 'includeRightEye'?
src/ui2/components/documents/PrintingLogic.ts(249,53): error TS2551: Property 'includeLeftEyeNear' does not exist on type 'PrintControlFlags'. Did you mean 'includeLeftEye'?
src/ui2/components/documents/PrintingLogic.ts(273,59): error TS2339: Property 'workStop' does not exist on type 'PrintDataOverrides'.
src/ui2/components/documents/PrintingLogic.ts(274,44): error TS2339: Property 'workStop' does not exist on type 'PrintDataOverrides'.
src/ui2/components/documents/PrintingLogic.ts(275,42): error TS2339: Property 'workStop' does not exist on type 'PrintDataOverrides'.
src/ui2/components/documents/PrintingLogic.ts(276,49): error TS2339: Property 'workStop' does not exist on type 'PrintDataOverrides'.
src/ui2/components/documents/PrintingLogic.ts(281,58): error TS2339: Property 'absence' does not exist on type 'PrintDataOverrides'.
src/ui2/components/documents/PrintingLogic.ts(282,51): error TS2339: Property 'absence' does not exist on type 'PrintDataOverrides'.
src/ui2/components/documents/PrintingLogic.ts(294,6): error TS2345: Argument of type '{ includeVisualAcuityWithCorrection: boolean; includeGlassType: boolean; } | undefined' is not assignable to parameter of type '{ includeVisualAcuityWithoutCorrection: boolean; includeVisualAcuityWithCorrection: boolean; includeTonometry: boolean; includeGlassType: boolean; } | undefined'.
  Type '{ includeVisualAcuityWithCorrection: boolean; includeGlassType: boolean; }' is missing the following properties from type '{ includeVisualAcuityWithoutCorrection: boolean; includeVisualAcuityWithCorrection: boolean; includeTonometry: boolean; includeGlassType: boolean; }': includeVisualAcuityWithoutCorrection, includeTonometry
src/ui2/components/documents/PrintingLogic.ts(419,8): error TS2345: Argument of type '{ Title: string; Code: string; Description: string; Bullets: string[]; }' is not assignable to parameter of type 'MedicalRecord'.
  Property 'Fields' is missing in type '{ Title: string; Code: string; Description: string; Bullets: string[]; }' but required in type 'MedicalRecord'.
src/ui2/components/messaging/EnhancedMessaging.tsx(28,35): error TS2307: Cannot find module '../../../utils/supabase.js' or its corresponding type declarations.
src/ui2/components/notifications/FloatingNotifications.tsx(111,31): error TS2367: This comparison appears to be unintentional because the types 'AppointmentState' and '"scheduled"' have no overlap.
src/ui2/components/notifications/FloatingNotifications.tsx(272,14): error TS18048: 'position.bottom' is possibly 'undefined'.
src/ui2/components/notifications/FloatingNotifications.tsx(273,13): error TS18048: 'position.right' is possibly 'undefined'.
src/ui2/components/notifications/SecretaryNotificationDemo.tsx(3,26): error TS2307: Cannot find module '../../../utils/supabase' or its corresponding type declarations.
src/ui2/components/notifications/SecretaryNotifications.tsx(12,26): error TS2307: Cannot find module '../../../utils/supabase' or its corresponding type declarations.
src/ui2/components/notifications/SecretaryNotifications.tsx(45,7): error TS7006: Parameter 'payload' implicitly has an 'any' type.
src/ui2/components/notifications/SecretaryNotifications.tsx(73,7): error TS7006: Parameter 'payload' implicitly has an 'any' type.
src/ui2/components/notifications/SecretaryNotifications.tsx(95,7): error TS7006: Parameter 'payload' implicitly has an 'any' type.
src/ui2/components/notifications/SecretaryNotifications.tsx(131,7): error TS7006: Parameter 'payload' implicitly has an 'any' type.
src/ui2/components/notifications/SecretaryNotifications.tsx(164,33): error TS7006: Parameter 'entry' implicitly has an 'any' type.
src/ui2/components/notifications/SecretaryNotifications.tsx(205,36): error TS7006: Parameter 'appointment' implicitly has an 'any' type.
src/ui2/components/pages/AnalyticsDashboard.tsx(4,2): error TS2724: '"@mui/icons-material"' has no exported member named 'Calendar'. Did you mean 'CallEnd'?
src/ui2/components/pages/AnalyticsDashboard.tsx(47,8): error TS2307: Cannot find module 'recharts' or its corresponding type declarations.
src/ui2/components/pages/AnalyticsDashboard.tsx(427,28): error TS7006: Parameter 'value' implicitly has an 'any' type.
src/ui2/components/pages/AnalyticsDashboard.tsx(441,29): error TS7006: Parameter 'value' implicitly has an 'any' type.
src/ui2/components/pages/AnalyticsDashboard.tsx(512,22): error TS7031: Binding element 'name' implicitly has an 'any' type.
src/ui2/components/pages/AnalyticsDashboard.tsx(512,28): error TS7031: Binding element 'percent' implicitly has an 'any' type.
src/ui2/components/pages/DossiersSection.tsx(32,56): error TS2307: Cannot find module '../../../utils/supabase.js' or its corresponding type declarations.
src/ui2/components/pages/DossiersSection.tsx(62,9): error TS2451: Cannot redeclare block-scoped variable 'loading'.
src/ui2/components/pages/DossiersSection.tsx(144,60): error TS2339: Property 'pages' does not exist on type 'Patient[]'.
src/ui2/components/pages/DossiersSection.tsx(145,5): error TS7006: Parameter 'page' implicitly has an 'any' type.
src/ui2/components/pages/DossiersSection.tsx(146,15): error TS7006: Parameter 'patient' implicitly has an 'any' type.
src/ui2/components/pages/DossiersSection.tsx(242,8): error TS2451: Cannot redeclare block-scoped variable 'loading'.
src/ui2/components/pages/ResumePage.tsx(122,7): error TS2339: Property 'catch' does not exist on type 'PromiseLike<any[]>'.
src/ui2/components/pages/ResumePage.tsx(161,8): error TS7034: Variable 'consultationsWithInvoices' implicitly has type 'any[]' in some locations where its type cannot be determined.
src/ui2/components/pages/ResumePage.tsx(210,8): error TS7005: Variable 'consultationsWithInvoices' implicitly has an 'any[]' type.
src/ui2/components/pages/ResumePage.tsx(283,31): error TS7005: Variable 'consultationsWithInvoices' implicitly has an 'any[]' type.
src/ui2/components/pages/ResumePage.tsx(396,35): error TS7005: Variable 'consultationsWithInvoices' implicitly has an 'any[]' type.
src/ui2/components/patients/PatientSelectionDialog/ConfigurationPanel.tsx(33,43): error TS2307: Cannot find module '../../types.js' or its corresponding type declarations.
src/ui2/components/patients/PatientSelectionDialog/PatientCard.tsx(12,25): error TS2307: Cannot find module '../../types.js' or its corresponding type declarations.
src/ui2/components/patients/PatientSelectionDialog/PatientList.tsx(3,25): error TS2307: Cannot find module '../../types.js' or its corresponding type declarations.
src/ui2/components/patients/PatientStatus.tsx(23,35): error TS2307: Cannot find module './DilationCountdown.js' or its corresponding type declarations.
src/ui2/components/patients/PatientStatus.tsx(134,48): error TS2551: Property 'dilationStatus' does not exist on type 'Patient'. Did you mean 'dilation_status'?
src/ui2/components/patients/PatientStatus.tsx(135,49): error TS2551: Property 'dilationStatus' does not exist on type 'Patient'. Did you mean 'dilation_status'?
src/ui2/components/patients/PatientStatus.tsx(142,19): error TS2551: Property 'dilationStatus' does not exist on type 'Patient'. Did you mean 'dilation_status'?
src/ui2/components/patients/PatientStatus.tsx(143,19): error TS2551: Property 'dilationStatus' does not exist on type 'Patient'. Did you mean 'dilation_status'?
src/ui2/components/patients/PatientStatus.tsx(156,19): error TS2551: Property 'dilationStatus' does not exist on type 'Patient'. Did you mean 'dilation_status'?
src/ui2/components/patients/PatientStatus.tsx(173,17): error TS2551: Property 'dilationStatus' does not exist on type 'Patient'. Did you mean 'dilation_status'?
src/ui2/components/patients/PatientStatus.tsx(174,17): error TS2551: Property 'dilationCompletedAt' does not exist on type 'Patient'. Did you mean 'dilation_completed_at'?
src/ui2/components/patients/PatientStatus.tsx(176,38): error TS2551: Property 'dilationCompletedAt' does not exist on type 'Patient'. Did you mean 'dilation_completed_at'?
src/ui2/components/patients/PatientStatus.tsx(325,25): error TS2339: Property 'consultationStart' does not exist on type 'Patient'.
src/ui2/components/patients/PatientStatus.tsx(327,36): error TS2339: Property 'consultationStart' does not exist on type 'Patient'.
src/ui2/components/patients/PatientStatus.tsx(462,24): error TS2339: Property 'consultationDetails' does not exist on type 'Patient'.
src/ui2/components/patients/PatientStatus.tsx(486,33): error TS2551: Property 'dilationStatus' does not exist on type 'Patient'. Did you mean 'dilation_status'?
src/ui2/components/patients/PatientStatus.tsx(489,47): error TS2551: Property 'dilationStatus' does not exist on type 'Patient'. Did you mean 'dilation_status'?
src/ui2/components/patients/PatientStatus.tsx(491,48): error TS2551: Property 'dilationStatus' does not exist on type 'Patient'. Did you mean 'dilation_status'?
src/ui2/components/payments/PaymentDialog.tsx(27,34): error TS2307: Cannot find module '../../../utils/supabase.js' or its corresponding type declarations.
src/ui2/components/payments/ResumePaymentHistoryPage.tsx(19,26): error TS2307: Cannot find module '../../../utils/supabase.js' or its corresponding type declarations.
src/ui2/components/payments/ResumePaymentHistoryPage.tsx(150,48): error TS7006: Parameter 'c' implicitly has an 'any' type.
src/ui2/components/payments/ResumePaymentHistoryPage.tsx(165,23): error TS7006: Parameter 'invoice' implicitly has an 'any' type.
src/ui2/components/payments/ResumePaymentHistoryPage.tsx(176,28): error TS7006: Parameter 'c' implicitly has an 'any' type.
src/ui2/components/payments/ResumePaymentHistoryPage.tsx(178,6): error TS7006: Parameter 'a' implicitly has an 'any' type.
src/ui2/components/payments/ResumePaymentHistoryPage.tsx(180,30): error TS7006: Parameter 'w' implicitly has an 'any' type.
src/ui2/components/secretary/SecretaryPatientSelectionDialog.tsx(20,25): error TS2307: Cannot find module '../../../utils/supabase' or its corresponding type declarations.
src/ui2/components/shared/TabbedPanel.tsx(4,25): error TS2307: Cannot find module './PatientList.tsx' or its corresponding type declarations.
src/ui2/components/shared/TabbedPanel.tsx(5,27): error TS2307: Cannot find module './PatientStatus.tsx' or its corresponding type declarations.
src/ui2/components/workflow/DilationCountdown.tsx(3,25): error TS2307: Cannot find module '../../../utils/supabase.js' or its corresponding type declarations.
src/ui2/components/workflow/UnifiedPatientQueue.tsx(28,8): error TS2307: Cannot find module '../../../utils/supabase.ts' or its corresponding type declarations.
src/ui2/components/workflow/WalkInQueue.tsx(11,31): error TS2307: Cannot find module '../../../utils/supabase.ts' or its corresponding type declarations.
src/ui2/hooks/useSecretaryNotifications.ts(2,26): error TS2307: Cannot find module '../../utils/supabase' or its corresponding type declarations.
src/ui2/hooks/useSecretaryNotifications.ts(17,6): error TS7006: Parameter 'payload' implicitly has an 'any' type.
src/ui2/hooks/useSecretaryNotifications.ts(43,12): error TS7006: Parameter 'payload' implicitly has an 'any' type.
src/ui2/services/AgendaService.ts(2,26): error TS2307: Cannot find module '../../utils/supabase.js' or its corresponding type declarations.
src/ui2/services/AgendaService.ts(56,10): error TS7006: Parameter 'payload' implicitly has an 'any' type.
src/ui2/services/AgendaService.ts(64,10): error TS7006: Parameter 'payload' implicitly has an 'any' type.
src/ui2/services/AgendaService.ts(72,10): error TS7006: Parameter 'payload' implicitly has an 'any' type.
src/ui2/services/AgendaService.ts(142,24): error TS7006: Parameter 'item' implicitly has an 'any' type.
src/ui2/services/ContactService.ts(2,26): error TS2307: Cannot find module '../../utils/supabase.js' or its corresponding type declarations.
src/ui2/services/ContactService.ts(54,10): error TS7006: Parameter 'payload' implicitly has an 'any' type.
src/ui2/services/ContactService.ts(62,10): error TS7006: Parameter 'payload' implicitly has an 'any' type.
src/ui2/services/ContactService.ts(70,10): error TS7006: Parameter 'payload' implicitly has an 'any' type.
src/ui2/services/historyService.ts(1,26): error TS2307: Cannot find module '../../utils/supabase.js' or its corresponding type declarations.
src/ui2/services/LentilleService.ts(1,40): error TS2307: Cannot find module '../../utils/supabase' or its corresponding type declarations.
src/ui2/services/LentilleService.ts(50,43): error TS7006: Parameter 'prev' implicitly has an 'any' type.
src/ui2/services/LentilleService.ts(50,49): error TS7006: Parameter 'curr' implicitly has an 'any' type.
src/ui2/services/supabaseMedicineService.ts(1,26): error TS2307: Cannot find module '../../utils/supabase.js' or its corresponding type declarations.
src/ui2/services/supabaseMedicineService.ts(53,58): error TS7006: Parameter 'medicine' implicitly has an 'any' type.
src/ui2/services/supabaseMedicineService.ts(234,58): error TS7006: Parameter 'medicine' implicitly has an 'any' type.
src/ui2/services/supabaseMedicineService.ts(285,45): error TS7006: Parameter 'item' implicitly has an 'any' type.
src/ui2/services/supabaseMedicineService.ts(286,4): error TS2322: Type 'unknown[]' is not assignable to type 'string[]'.
  Type 'unknown' is not assignable to type 'string'.
src/ui2/services/supabaseService.ts(2,34): error TS2307: Cannot find module '../../utils/supabase.js' or its corresponding type declarations.
src/ui2/services/supabaseService.ts(1983,54): error TS2339: Property 'message' does not exist on type '{}'.
src/ui2/services/supabaseService.ts(1983,69): error TS2339: Property 'details' does not exist on type '{}'.
src/ui2/services/supabaseService.ts(1983,84): error TS2339: Property 'hint' does not exist on type '{}'.
src/ui2/services/SupabaseWorkflowManager.ts(1341,15): error TS2820: Type '"PATIENT_SELECTED"' is not assignable to type '"CONSULTATION_STARTED" | "CONSULTATION_ENDED" | "PAYMENT_COMPLETED" | "LOADING_START" | "LOADING_END" | "PATIENTS_LOADED" | "APPOINTMENTS_LOADED" | "WAITLIST_LOADED" | "PATIENT_UPDATED" | ... 10 more ... | "STATE_UPDATED"'. Did you mean '"PATIENT_SERVED"'?
src/ui2/services/SupabaseWorkflowManager.ts(1341,41): error TS2322: Type 'Patient | null' is not assignable to type 'Patient'.
  Type 'null' is not assignable to type 'Patient'.
src/ui2/services/SupabaseWorkflowManager.ts(1399,36): error TS18046: 'error' is of type 'unknown'.
src/ui2/services/SupabaseWorkflowManager.ts(1417,36): error TS18046: 'error' is of type 'unknown'.
src/ui2/services/SupabaseWorkflowManager.ts(1510,6): error TS2820: Type '"APPOINTMENT_CREATED"' is not assignable to type '"CONSULTATION_STARTED" | "CONSULTATION_ENDED" | "PAYMENT_COMPLETED" | "LOADING_START" | "LOADING_END" | "PATIENTS_LOADED" | "APPOINTMENTS_LOADED" | "WAITLIST_LOADED" | "PATIENT_UPDATED" | ... 10 more ... | "STATE_UPDATED"'. Did you mean '"APPOINTMENT_UPDATED"'?
src/ui2/services/SupabaseWorkflowManager.ts(1699,36): error TS18046: 'error' is of type 'unknown'.
src/ui2/services/TarifService.ts(2,26): error TS2307: Cannot find module '../../utils/supabase.js' or its corresponding type declarations.
src/ui2/services/TarifService.ts(75,10): error TS7006: Parameter 'payload' implicitly has an 'any' type.
src/ui2/services/TarifService.ts(83,10): error TS7006: Parameter 'payload' implicitly has an 'any' type.
src/ui2/services/TarifService.ts(91,10): error TS7006: Parameter 'payload' implicitly has an 'any' type.
src/ui2/services/TarifService.ts(151,24): error TS7006: Parameter 'item' implicitly has an 'any' type.
src/ui2/utils/patientConverters.ts(82,3): error TS2322: Type 'string | undefined' is not assignable to type 'DilationStatus | undefined'.
  Type 'string' is not assignable to type 'DilationStatus | undefined'.
